// Jest Snapshot v1, https://goo.gl/fbAQLP

exports[`<TextField /> should render error style when hasError is thufy 1`] = `
.c4 {
  display: -webkit-box;
  display: -webkit-flex;
  display: -ms-flexbox;
  display: flex;
  -webkit-flex-direction: row;
  -ms-flex-direction: row;
  flex-direction: row;
  background: #EAEAEA;
  border-radius: 0.2rem;
  padding: 0.8rem 0;
  padding-left: 1.6rem;
  border: 0.2rem solid;
  border-color: #EAEAEA;
}

.c4:focus-within {
  box-shadow: 0 0 0.5rem #F231A5;
}

.c5 {
  color: #030517;
  font-family: Poppins,-apple-system,BlinkMacSystemFont,'Segoe UI',Roboto,Oxygen,Ubuntu,Cantarell,'Open Sans','Helvetica Neue',sans-serif;
  font-size: 1.6rem;
  padding: 0.8rem;
  background: transparent;
  border: 0;
  outline: none;
  width: 100%;
}

.c2 {
  font-size: 1.4rem;
  color: #030517;
  cursor: pointer;
}

.c0 .c1,
.c0 .c3,
.c0 .sc-hKgILt,
.c0 .{
  color: #FF6347;
  border-color: #FF6347;
}

.c0 .c1:focus-within,
.c0 .c3:focus-within,
.c0 .sc-hKgILt:focus-within,
.c0 .:focus-within {
  box-shadow: 0 0 0.5rem #FF6347;
}

<div
  class="c0"
>
  <label
    class="c1 c2"
    for="TextField"
  >
    TextField
  </label>
  <div
    class="c3 c4"
  >
    <input
      class="c5"
      id="TextField"
      type="text"
      value=""
    />
  </div>
  <span
    class=""
  >
    Preenchimento obrigat√≥rio
  </span>
</div>
`
